// Jest Snapshot v1, https://goo.gl/fbAQLP

exports[`<Logo /> should match snapshot 1`] = `
<div
  className="sc-bdvvtL"
  onClick={[MockFunction]}
>
  <div
    className="sc-gsDKAQ iPQiQh"
    size={24}
  >
    Movie
    <span
      className="sc-dkPtRN bypaxh"
    >
      APP
    </span>
  </div>
</div>
`;
